// Jest Snapshot v1, https://goo.gl/fbAQLP

exports[`renders correctly 1`] = `
<View
  accessibilityState={
    {
      "busy": undefined,
      "checked": undefined,
      "disabled": undefined,
      "expanded": undefined,
      "selected": undefined,
    }
  }
  accessibilityValue={
    {
      "max": undefined,
      "min": undefined,
      "now": undefined,
      "text": undefined,
    }
  }
  accessible={true}
  collapsable={false}
  focusable={true}
  onClick={[Function]}
  onResponderGrant={[Function]}
  onResponderMove={[Function]}
  onResponderRelease={[Function]}
  onResponderTerminate={[Function]}
  onResponderTerminationRequest={[Function]}
  onStartShouldSetResponder={[Function]}
  style={
    {
      "opacity": 1,
    }
  }
>
  <Text
    style={
      {
        "alignSelf": "flex-start",
        "fontStyle": "italic",
        "fontWeight": "bold",
        "marginVertical": 16,
      }
    }
  />
  <Text />
  <Text
    style={
      {
        "alignSelf": "flex-end",
        "fontStyle": "italic",
      }
    }
  >
    Replies (
    0
    )
  </Text>
  <View
    style={
      {
        "backgroundColor": "#f9f9f9",
        "marginHorizontal": 16,
      }
    }
  />
</View>
`;
